<html>
<body>
<pre>
<h1>µVision Build Log</h1>
<h2>Tool Versions:</h2>
IDE-Version: µVision V5.28.0.0
Copyright (C) 2019 ARM Ltd and ARM Germany GmbH. All rights reserved.
License Information: Sirapop Insala, -, LIC=----
 
Tool Versions:
Toolchain:       MDK-Lite  Version: 5.28.0.0
Toolchain Path:  C:\Keil_v5\ARM\ARMCC\Bin
C Compiler:      Armcc.exe V5.06 update 6 (build 750)
Assembler:       Armasm.exe V5.06 update 6 (build 750)
Linker/Locator:  ArmLink.exe V5.06 update 6 (build 750)
Library Manager: ArmAr.exe V5.06 update 6 (build 750)
Hex Converter:   FromElf.exe V5.06 update 6 (build 750)
CPU DLL:         SARMCM3.DLL V5.28.0.0
Dialog DLL:      DCM.DLL V1.17.3.0
Target DLL:      STLink\ST-LINKIII-KEIL_SWO.dll V3.0.6.0
Dialog DLL:      TCM.DLL V1.36.2.0
 
<h2>Project:</h2>
C:\Users\sirap\OneDrive\Documents\GitHub\2566-CPE311-KeyBoardPiano\CPE_311_KeyboardPiano_Template\CPE-312 Template\Project\MDK-ARM\STM32L152RB.uvprojx
Project File Date:  12/23/2023

<h2>Output:</h2>
*** Using Compiler 'V5.06 update 6 (build 750)', folder: 'C:\Keil_v5\ARM\ARMCC\Bin'
Rebuild target 'Demonstrate'
assembling startup_stm32l152xb.s...
compiling system_stm32l1xx.c...
compiling stm32l1xx_ll_lcd.c...
compiling stm32l1xx_ll_pwr.c...
compiling stm32l1xx_ll_rcc.c...
compiling stm32l1xx_ll_utils.c...
compiling stm32l152_glass_lcd.c...
compiling stm32l1xx_ll_gpio.c...
compiling stm32l1xx_ll_exti.c...
compiling main.c...
compiling stm32l1xx_ll_tim.c...
linking...
Program Size: Code=6776 RO-data=276 RW-data=1448 ZI-data=1696  
".\Objects\STM32L152RB.axf" - 0 Error(s), 0 Warning(s).

<h2>Software Packages used:</h2>

Package Vendor: Keil
                http://www.keil.com/pack/Keil.STM32L1xx_DFP.1.2.0.pack
                Keil.STM32L1xx_DFP.1.2.0
                STMicroelectronics STM32L1 Series Device Support and Examples

<h2>Collection of Component include folders:</h2>
  .\RTE\_Demonstrate
  C:\Users\sirap\AppData\Local\Arm\Packs\Keil\STM32L1xx_DFP\1.2.0\Device\Include

<h2>Collection of Component Files used:</h2>
Build Time Elapsed:  00:00:02
</pre>
</body>
</html>
